// Jest Snapshot v1, https://goo.gl/fbAQLP

exports[`Test Main feature Render correctly 1`] = `ShallowWrapper {}`;
