// Jest Snapshot v1, https://goo.gl/fbAQLP

exports[`Test cart interface should render properly 1`] = `undefined`;
